[0.129s] DEBUG:colcon:Command line arguments: ['/usr/bin/colcon', 'list', '--base-paths', '/home/himani/ros2_ws/src', '--log-base', '/tmp/colcon_log_list']
[0.129s] DEBUG:colcon:Parsed command line arguments: Namespace(log_base=None, log_level=None, verb_name='list', build_base='build', ignore_user_meta=False, metas=['./colcon.meta'], base_paths=['/home/himani/ros2_ws/src', '--log-base', '/tmp/colcon_log_list'], packages_ignore=None, packages_ignore_regex=None, paths=None, packages_up_to=None, packages_up_to_regex=None, packages_above=None, packages_above_and_dependencies=None, packages_above_depth=None, packages_select_by_dep=None, packages_skip_by_dep=None, packages_skip_up_to=None, packages_select_build_failed=False, packages_skip_build_finished=False, packages_select_test_failures=False, packages_skip_test_passed=False, packages_select=None, packages_skip=None, packages_select_regex=None, packages_skip_regex=None, packages_start=None, packages_end=None, allow_overriding=[], topological_order=False, names_only=False, paths_only=False, topological_graph=False, topological_graph_dot=False, topological_graph_density=False, topological_graph_legend=False, topological_graph_dot_cluster=False, topological_graph_dot_include_skipped=False, mixin_files=None, mixin=None, verb_parser=<colcon_mixin.mixin.mixin_argument.MixinArgumentDecorator object at 0x78806be702c0>, verb_extension=<colcon_package_information.verb.list.ListVerb object at 0x78806bfef410>, main=<bound method ListVerb.main of <colcon_package_information.verb.list.ListVerb object at 0x78806bfef410>>, mixin_verb=('list',))
[0.161s] Level 1:colcon.colcon_core.package_discovery:discover_packages(colcon_meta) check parameters
[0.162s] Level 1:colcon.colcon_core.package_discovery:discover_packages(recursive) check parameters
[0.162s] Level 1:colcon.colcon_core.package_discovery:discover_packages(ignore) check parameters
[0.162s] Level 1:colcon.colcon_core.package_discovery:discover_packages(path) check parameters
[0.162s] Level 1:colcon.colcon_core.package_discovery:discover_packages(recursive) discover
[0.162s] INFO:colcon.colcon_core.package_discovery:Crawling recursively for packages in '/home/himani/ros2_ws/src', '/home/himani/ros2_ws/src/--log-base', '/tmp/colcon_log_list'
[0.162s] Level 1:colcon.colcon_core.package_identification:_identify(/home/himani/ros2_ws/src) by extensions ['ignore', 'ignore_ament_install']
[0.162s] Level 1:colcon.colcon_core.package_identification:_identify(/home/himani/ros2_ws/src) by extension 'ignore'
[0.162s] Level 1:colcon.colcon_core.package_identification:_identify(/home/himani/ros2_ws/src) by extension 'ignore_ament_install'
[0.162s] Level 1:colcon.colcon_core.package_identification:_identify(/home/himani/ros2_ws/src) by extensions ['colcon_pkg']
[0.162s] Level 1:colcon.colcon_core.package_identification:_identify(/home/himani/ros2_ws/src) by extension 'colcon_pkg'
[0.162s] Level 1:colcon.colcon_core.package_identification:_identify(/home/himani/ros2_ws/src) by extensions ['colcon_meta']
[0.162s] Level 1:colcon.colcon_core.package_identification:_identify(/home/himani/ros2_ws/src) by extension 'colcon_meta'
[0.162s] Level 1:colcon.colcon_core.package_identification:_identify(/home/himani/ros2_ws/src) by extensions ['ros']
[0.162s] Level 1:colcon.colcon_core.package_identification:_identify(/home/himani/ros2_ws/src) by extension 'ros'
[0.183s] Level 1:colcon.colcon_core.package_identification:_identify(/home/himani/ros2_ws/src) by extensions ['cmake', 'python']
[0.184s] Level 1:colcon.colcon_core.package_identification:_identify(/home/himani/ros2_ws/src) by extension 'cmake'
[0.184s] Level 1:colcon.colcon_core.package_identification:_identify(/home/himani/ros2_ws/src) by extension 'python'
[0.184s] Level 1:colcon.colcon_core.package_identification:_identify(/home/himani/ros2_ws/src) by extensions ['python_setup_py']
[0.184s] Level 1:colcon.colcon_core.package_identification:_identify(/home/himani/ros2_ws/src) by extension 'python_setup_py'
[0.184s] Level 1:colcon.colcon_core.package_identification:_identify(/home/himani/ros2_ws/src/gantry_description) by extensions ['ignore', 'ignore_ament_install']
[0.184s] Level 1:colcon.colcon_core.package_identification:_identify(/home/himani/ros2_ws/src/gantry_description) by extension 'ignore'
[0.184s] Level 1:colcon.colcon_core.package_identification:_identify(/home/himani/ros2_ws/src/gantry_description) by extension 'ignore_ament_install'
[0.184s] Level 1:colcon.colcon_core.package_identification:_identify(/home/himani/ros2_ws/src/gantry_description) by extensions ['colcon_pkg']
[0.184s] Level 1:colcon.colcon_core.package_identification:_identify(/home/himani/ros2_ws/src/gantry_description) by extension 'colcon_pkg'
[0.184s] Level 1:colcon.colcon_core.package_identification:_identify(/home/himani/ros2_ws/src/gantry_description) by extensions ['colcon_meta']
[0.184s] Level 1:colcon.colcon_core.package_identification:_identify(/home/himani/ros2_ws/src/gantry_description) by extension 'colcon_meta'
[0.184s] Level 1:colcon.colcon_core.package_identification:_identify(/home/himani/ros2_ws/src/gantry_description) by extensions ['ros']
[0.184s] Level 1:colcon.colcon_core.package_identification:_identify(/home/himani/ros2_ws/src/gantry_description) by extension 'ros'
[0.187s] DEBUG:colcon.colcon_core.package_identification:Package '/home/himani/ros2_ws/src/gantry_description' with type 'ros.ament_cmake' and name 'gantry_description'
[0.187s] Level 1:colcon.colcon_core.package_identification:_identify(/home/himani/ros2_ws/src/linear_robot_bridge) by extensions ['ignore', 'ignore_ament_install']
[0.187s] Level 1:colcon.colcon_core.package_identification:_identify(/home/himani/ros2_ws/src/linear_robot_bridge) by extension 'ignore'
[0.187s] Level 1:colcon.colcon_core.package_identification:_identify(/home/himani/ros2_ws/src/linear_robot_bridge) by extension 'ignore_ament_install'
[0.187s] Level 1:colcon.colcon_core.package_identification:_identify(/home/himani/ros2_ws/src/linear_robot_bridge) by extensions ['colcon_pkg']
[0.187s] Level 1:colcon.colcon_core.package_identification:_identify(/home/himani/ros2_ws/src/linear_robot_bridge) by extension 'colcon_pkg'
[0.187s] Level 1:colcon.colcon_core.package_identification:_identify(/home/himani/ros2_ws/src/linear_robot_bridge) by extensions ['colcon_meta']
[0.187s] Level 1:colcon.colcon_core.package_identification:_identify(/home/himani/ros2_ws/src/linear_robot_bridge) by extension 'colcon_meta'
[0.187s] Level 1:colcon.colcon_core.package_identification:_identify(/home/himani/ros2_ws/src/linear_robot_bridge) by extensions ['ros']
[0.187s] Level 1:colcon.colcon_core.package_identification:_identify(/home/himani/ros2_ws/src/linear_robot_bridge) by extension 'ros'
[0.188s] DEBUG:colcon.colcon_core.package_identification:Package '/home/himani/ros2_ws/src/linear_robot_bridge' with type 'ros.ament_python' and name 'linear_robot_bridge'
[0.188s] Level 1:colcon.colcon_core.package_identification:_identify(/home/himani/ros2_ws/src/log) by extensions ['ignore', 'ignore_ament_install']
[0.188s] Level 1:colcon.colcon_core.package_identification:_identify(/home/himani/ros2_ws/src/log) by extension 'ignore'
[0.188s] Level 1:colcon.colcon_core.package_identification:_identify(/home/himani/ros2_ws/src/log) ignored
[0.188s] Level 1:colcon.colcon_core.package_discovery:discover_packages(recursive) using defaults
